<?xml version="1.0" encoding="UTF-8" ?>
<testsuites name="vitest tests" tests="28" failures="0" errors="0" time="0.011460002">
    <testsuite name="packages/ui-shared/tests/unit/validation/zod.test.ts" timestamp="2026-01-17T09:55:20.625Z" hostname="boss" tests="14" failures="0" errors="0" skipped="0" time="0.007297758">
        <testcase classname="packages/ui-shared/tests/unit/validation/zod.test.ts" name="translateZodMessage &gt; без t возвращает исходное сообщение" time="0.00192891">
        </testcase>
        <testcase classname="packages/ui-shared/tests/unit/validation/zod.test.ts" name="translateZodMessage &gt; с t возвращает перевод" time="0.000273416">
        </testcase>
        <testcase classname="packages/ui-shared/tests/unit/validation/zod.test.ts" name="translateZodMessage &gt; fallback на message, если t вернул undefined" time="0.000213911">
        </testcase>
        <testcase classname="packages/ui-shared/tests/unit/validation/zod.test.ts" name="buildNestedKey &gt; без nested возвращает key без изменений" time="0.000308953">
        </testcase>
        <testcase classname="packages/ui-shared/tests/unit/validation/zod.test.ts" name="buildNestedKey &gt; nested=true добавляет путь для validation.* ключей" time="0.000238571">
        </testcase>
        <testcase classname="packages/ui-shared/tests/unit/validation/zod.test.ts" name="buildNestedKey &gt; nested=true не добавляет путь если key не проходит shouldNest" time="0.000206485">
        </testcase>
        <testcase classname="packages/ui-shared/tests/unit/validation/zod.test.ts" name="buildNestedKey &gt; nested=true, но путь пустой — возвращает key" time="0.000183077">
        </testcase>
        <testcase classname="packages/ui-shared/tests/unit/validation/zod.test.ts" name="buildNestedKey &gt; shouldNest можно переопределить" time="0.000310813">
        </testcase>
        <testcase classname="packages/ui-shared/tests/unit/validation/zod.test.ts" name="createZodI18nErrorMap &gt; invalid_type + received=&quot;undefined&quot; → ValidationKeys.required" time="0.000414986">
        </testcase>
        <testcase classname="packages/ui-shared/tests/unit/validation/zod.test.ts" name="createZodI18nErrorMap &gt; invalid_type + received!=undefined → ValidationKeys.invalidType" time="0.00011288">
        </testcase>
        <testcase classname="packages/ui-shared/tests/unit/validation/zod.test.ts" name="createZodI18nErrorMap &gt; too_small/too_big для string/number/array маппятся на ValidationKeys.*" time="0.000163788">
        </testcase>
        <testcase classname="packages/ui-shared/tests/unit/validation/zod.test.ts" name="createZodI18nErrorMap &gt; extra codes: invalid_enum/custom/invalid_union/invalid_literal/unrecognized_keys" time="0.000188048">
        </testcase>
        <testcase classname="packages/ui-shared/tests/unit/validation/zod.test.ts" name="createZodI18nErrorMap &gt; fallback: если маппинг не сработал, возвращает ctx.defaultError" time="0.000091546">
        </testcase>
        <testcase classname="packages/ui-shared/tests/unit/validation/zod.test.ts" name="createZodI18nErrorMap &gt; nested=true добавляет путь к validation.* ключам" time="0.000163305">
        </testcase>
    </testsuite>
    <testsuite name=".pnpm-store/v10/projects/596d64c85a068581492ca389254eddaa/packages/ui-shared/tests/unit/validation/zod.test.ts" timestamp="2026-01-17T09:55:20.628Z" hostname="boss" tests="14" failures="0" errors="0" skipped="0" time="0.004162244">
        <testcase classname=".pnpm-store/v10/projects/596d64c85a068581492ca389254eddaa/packages/ui-shared/tests/unit/validation/zod.test.ts" name="translateZodMessage &gt; без t возвращает исходное сообщение" time="0.001100071">
        </testcase>
        <testcase classname=".pnpm-store/v10/projects/596d64c85a068581492ca389254eddaa/packages/ui-shared/tests/unit/validation/zod.test.ts" name="translateZodMessage &gt; с t возвращает перевод" time="0.000185776">
        </testcase>
        <testcase classname=".pnpm-store/v10/projects/596d64c85a068581492ca389254eddaa/packages/ui-shared/tests/unit/validation/zod.test.ts" name="translateZodMessage &gt; fallback на message, если t вернул undefined" time="0.000098631">
        </testcase>
        <testcase classname=".pnpm-store/v10/projects/596d64c85a068581492ca389254eddaa/packages/ui-shared/tests/unit/validation/zod.test.ts" name="buildNestedKey &gt; без nested возвращает key без изменений" time="0.000173008">
        </testcase>
        <testcase classname=".pnpm-store/v10/projects/596d64c85a068581492ca389254eddaa/packages/ui-shared/tests/unit/validation/zod.test.ts" name="buildNestedKey &gt; nested=true добавляет путь для validation.* ключей" time="0.000104958">
        </testcase>
        <testcase classname=".pnpm-store/v10/projects/596d64c85a068581492ca389254eddaa/packages/ui-shared/tests/unit/validation/zod.test.ts" name="buildNestedKey &gt; nested=true не добавляет путь если key не проходит shouldNest" time="0.000065294">
        </testcase>
        <testcase classname=".pnpm-store/v10/projects/596d64c85a068581492ca389254eddaa/packages/ui-shared/tests/unit/validation/zod.test.ts" name="buildNestedKey &gt; nested=true, но путь пустой — возвращает key" time="0.000066299">
        </testcase>
        <testcase classname=".pnpm-store/v10/projects/596d64c85a068581492ca389254eddaa/packages/ui-shared/tests/unit/validation/zod.test.ts" name="buildNestedKey &gt; shouldNest можно переопределить" time="0.000127492">
        </testcase>
        <testcase classname=".pnpm-store/v10/projects/596d64c85a068581492ca389254eddaa/packages/ui-shared/tests/unit/validation/zod.test.ts" name="createZodI18nErrorMap &gt; invalid_type + received=&quot;undefined&quot; → ValidationKeys.required" time="0.000248668">
        </testcase>
        <testcase classname=".pnpm-store/v10/projects/596d64c85a068581492ca389254eddaa/packages/ui-shared/tests/unit/validation/zod.test.ts" name="createZodI18nErrorMap &gt; invalid_type + received!=undefined → ValidationKeys.invalidType" time="0.00008776">
        </testcase>
        <testcase classname=".pnpm-store/v10/projects/596d64c85a068581492ca389254eddaa/packages/ui-shared/tests/unit/validation/zod.test.ts" name="createZodI18nErrorMap &gt; too_small/too_big для string/number/array маппятся на ValidationKeys.*" time="0.000162859">
        </testcase>
        <testcase classname=".pnpm-store/v10/projects/596d64c85a068581492ca389254eddaa/packages/ui-shared/tests/unit/validation/zod.test.ts" name="createZodI18nErrorMap &gt; extra codes: invalid_enum/custom/invalid_union/invalid_literal/unrecognized_keys" time="0.000167325">
        </testcase>
        <testcase classname=".pnpm-store/v10/projects/596d64c85a068581492ca389254eddaa/packages/ui-shared/tests/unit/validation/zod.test.ts" name="createZodI18nErrorMap &gt; fallback: если маппинг не сработал, возвращает ctx.defaultError" time="0.000064638">
        </testcase>
        <testcase classname=".pnpm-store/v10/projects/596d64c85a068581492ca389254eddaa/packages/ui-shared/tests/unit/validation/zod.test.ts" name="createZodI18nErrorMap &gt; nested=true добавляет путь к validation.* ключам" time="0.00013452">
        </testcase>
    </testsuite>
</testsuites>
